2026-08-12 20:18:17,406 INFO c.j.p.m.r.RunnableImplementation [main] Start the Runnable Executionmain
2026-08-12 20:18:17,724 INFO c.j.p.m.r.RunnableImplementation [main] End the Runnable Executionmain
2026-08-12 20:18:44,847 INFO c.j.p.m.r.RunnableImplementation [main] Start the Runnable Executionmain
2026-08-12 20:18:48,852 INFO c.j.p.m.r.RunnableImplementation [main] End the Runnable Executionmain
2026-08-12 20:18:48,853 INFO c.j.p.m.r.RunnableImplementation [main] Start the Runnable Executionmain
2026-08-12 20:18:52,856 INFO c.j.p.m.r.RunnableImplementation [main] End the Runnable Executionmain
2026-08-12 20:20:00,620 INFO c.j.p.m.r.RunnableImplementation [main] Start the Runnable Executionmain
2026-08-12 20:20:04,626 INFO c.j.p.m.r.RunnableImplementation [main] End the Runnable Executionmain
2026-08-12 20:20:04,629 INFO c.j.p.m.r.RunnableImplementation [main] Start the Runnable Executionmain
2026-08-12 20:20:08,632 INFO c.j.p.m.r.RunnableImplementation [main] End the Runnable Executionmain
2026-08-12 20:20:08,633 INFO c.j.p.m.r.RunnableImplementation [main] Start the Runnable Executionmain
2026-08-12 20:20:12,635 INFO c.j.p.m.r.RunnableImplementation [main] End the Runnable Executionmain
2026-08-12 20:20:12,635 INFO c.j.p.m.r.RunnableImplementation [main] Start the Runnable Executionmain
2026-08-12 20:20:16,638 INFO c.j.p.m.r.RunnableImplementation [main] End the Runnable Executionmain
2026-08-12 20:20:26,735 INFO c.j.p.m.r.RunnableImplementation [main] Start the Runnable Executionmain
2026-08-12 20:20:30,740 INFO c.j.p.m.r.RunnableImplementation [main] End the Runnable Executionmain
2026-08-12 20:20:30,740 INFO c.j.p.m.r.RunnableImplementation [main] Start the Runnable Executionmain
2026-08-12 20:20:34,743 INFO c.j.p.m.r.RunnableImplementation [main] End the Runnable Executionmain
2026-08-12 20:20:34,744 INFO c.j.p.m.r.RunnableImplementation [Thread-3] Start the Runnable ExecutionThread-3
2026-08-12 20:20:34,744 INFO c.j.p.m.r.RunnableImplementation [Thread-2] Start the Runnable ExecutionThread-2
2026-08-12 20:20:38,747 INFO c.j.p.m.r.RunnableImplementation [Thread-3] End the Runnable ExecutionThread-3
2026-08-12 20:20:38,747 INFO c.j.p.m.r.RunnableImplementation [Thread-2] End the Runnable ExecutionThread-2
2026-08-12 20:21:07,581 INFO c.j.p.m.r.RunnableImplementation [Thread-0] Start the Runnable ExecutionThread-0
2026-08-12 20:21:07,581 INFO c.j.p.m.r.RunnableImplementation [Thread-1] Start the Runnable ExecutionThread-1
2026-08-12 20:21:11,588 INFO c.j.p.m.r.RunnableImplementation [Thread-1] End the Runnable ExecutionThread-1
2026-08-12 20:21:11,588 INFO c.j.p.m.r.RunnableImplementation [Thread-0] End the Runnable ExecutionThread-0
2026-08-12 20:21:24,108 INFO c.j.p.m.r.RunnableImplementation [main] Start the Runnable Executionmain
2026-08-12 20:21:28,113 INFO c.j.p.m.r.RunnableImplementation [main] End the Runnable Executionmain
2026-08-12 20:21:28,113 INFO c.j.p.m.r.RunnableImplementation [main] Start the Runnable Executionmain
2026-08-12 20:21:32,116 INFO c.j.p.m.r.RunnableImplementation [main] End the Runnable Executionmain
2026-08-12 20:21:32,117 INFO c.j.p.m.r.RunnableImplementation [Thread-2] Start the Runnable ExecutionThread-2
2026-08-12 20:21:32,117 INFO c.j.p.m.r.RunnableImplementation [Thread-3] Start the Runnable ExecutionThread-3
2026-08-12 20:21:36,118 INFO c.j.p.m.r.RunnableImplementation [Thread-2] End the Runnable ExecutionThread-2
2026-08-12 20:21:36,120 INFO c.j.p.m.r.RunnableImplementation [Thread-3] End the Runnable ExecutionThread-3
2026-08-12 20:22:29,703 INFO c.j.p.m.r.RunnableImplementation [main] mainStart the Runnable Execution
2026-08-12 20:22:33,707 INFO c.j.p.m.r.RunnableImplementation [main] mainEnd the Runnable Execution
2026-08-12 20:22:33,708 INFO c.j.p.m.r.RunnableImplementation [main] mainStart the Runnable Execution
2026-08-12 20:22:37,710 INFO c.j.p.m.r.RunnableImplementation [main] mainEnd the Runnable Execution
2026-08-12 20:22:37,711 INFO c.j.p.m.r.RunnableImplementation [Thread-3] Thread-3Start the Runnable Execution
2026-08-12 20:22:37,711 INFO c.j.p.m.r.RunnableImplementation [Thread-2] Thread-2Start the Runnable Execution
2026-08-12 20:22:41,713 INFO c.j.p.m.r.RunnableImplementation [Thread-3] Thread-3End the Runnable Execution
2026-08-12 20:22:41,714 INFO c.j.p.m.r.RunnableImplementation [Thread-2] Thread-2End the Runnable Execution
2026-08-12 20:23:55,499 INFO c.j.p.m.r.RunnableImplementation [main] mainStart the Runnable Execution
2026-08-12 20:23:59,504 INFO c.j.p.m.r.RunnableImplementation [main] mainEnd the Runnable Execution
2026-08-12 20:23:59,505 INFO c.j.p.m.r.RunnableImplementation [main] mainStart the Runnable Execution
2026-08-12 20:24:03,507 INFO c.j.p.m.r.RunnableImplementation [main] mainEnd the Runnable Execution
2026-08-12 20:24:03,508 INFO c.j.p.m.r.RunnableImplementation [RunnableMain] RunnableMainStart the Runnable Execution
2026-08-12 20:24:03,508 INFO c.j.p.m.r.RunnableImplementation [Thread-3] Thread-3Start the Runnable Execution
2026-08-12 20:24:07,510 INFO c.j.p.m.r.RunnableImplementation [Thread-3] Thread-3End the Runnable Execution
2026-08-12 20:24:07,510 INFO c.j.p.m.r.RunnableImplementation [RunnableMain] RunnableMainEnd the Runnable Execution
2026-08-12 20:25:13,929 INFO c.j.p.m.r.RunnableImplementation [main] mainStart the Runnable Execution
2026-08-12 20:25:17,934 INFO c.j.p.m.r.RunnableImplementation [main] mainEnd the Runnable Execution
2026-08-12 20:25:17,935 INFO c.j.p.m.r.RunnableImplementation [main] mainStart the Runnable Execution
2026-08-12 20:25:21,938 INFO c.j.p.m.r.RunnableImplementation [main] mainEnd the Runnable Execution
2026-08-12 20:25:21,941 INFO c.j.p.m.r.RunnableImplementation [Runs] RunsStart the Runnable Execution
2026-08-12 20:25:21,941 INFO c.j.p.m.r.RunnableImplementation [RunnableMain] RunnableMainStart the Runnable Execution
2026-08-12 20:25:25,943 INFO c.j.p.m.r.RunnableImplementation [RunnableMain] RunnableMainEnd the Runnable Execution
2026-08-12 20:25:25,945 INFO c.j.p.m.r.RunnableImplementation [Runs] RunsEnd the Runnable Execution
2026-08-12 20:25:47,245 INFO c.j.p.m.r.RunnableImplementation [main] mainStart the Runnable Execution
2026-08-12 20:25:51,251 INFO c.j.p.m.r.RunnableImplementation [main] mainEnd the Runnable Execution
2026-08-12 20:25:51,253 INFO c.j.p.m.r.RunnableImplementation [main] mainStart the Runnable Execution
2026-08-12 20:25:55,256 INFO c.j.p.m.r.RunnableImplementation [main] mainEnd the Runnable Execution
2026-08-12 20:25:55,257 INFO c.j.p.m.r.RunnableImplementation [Runs] RunsStart the Runnable Execution
2026-08-12 20:25:55,257 INFO c.j.p.m.r.RunnableImplementation [RunnableMain] RunnableMainStart the Runnable Execution
2026-08-12 20:25:59,258 INFO c.j.p.m.r.RunnableImplementation [Runs] RunsEnd the Runnable Execution
2026-08-12 20:25:59,260 INFO c.j.p.m.r.RunnableImplementation [RunnableMain] RunnableMainEnd the Runnable Execution
2026-08-12 20:26:15,823 INFO c.j.p.m.r.RunnableImplementation [main] mainStart the Runnable Execution
2026-08-12 20:26:19,829 INFO c.j.p.m.r.RunnableImplementation [main] mainEnd the Runnable Execution
2026-08-12 20:26:19,830 INFO c.j.p.m.r.RunnableImplementation [main] mainStart the Runnable Execution
2026-08-12 20:26:23,833 INFO c.j.p.m.r.RunnableImplementation [main] mainEnd the Runnable Execution
2026-08-12 20:26:23,834 INFO c.j.p.m.r.RunnableImplementation [Shashank] ShashankStart the Runnable Execution
2026-08-12 20:26:23,835 INFO c.j.p.m.r.RunnableImplementation [Sharth] SharthStart the Runnable Execution
2026-08-12 20:26:27,835 INFO c.j.p.m.r.RunnableImplementation [Shashank] ShashankEnd the Runnable Execution
2026-08-12 20:26:27,836 INFO c.j.p.m.r.RunnableImplementation [Sharth] SharthEnd the Runnable Execution
2026-08-12 20:33:24,857 INFO c.j.p.m.r.RunnableImplementation [main] mainStart the Runnable Execution
2026-08-12 20:33:28,864 INFO c.j.p.m.r.RunnableImplementation [main] mainEnd the Runnable Execution
2026-08-12 20:33:28,865 INFO c.j.p.m.r.RunnableImplementation [main] mainStart the Runnable Execution
2026-08-12 20:33:32,867 INFO c.j.p.m.r.RunnableImplementation [main] mainEnd the Runnable Execution
2026-08-12 20:33:32,872 INFO c.j.p.m.r.RunnableImplementation [Shashank] ShashankStart the Runnable Execution
2026-08-12 20:33:32,872 INFO c.j.p.m.r.RunnableImplementation [Sharth] SharthStart the Runnable Execution
2026-08-12 20:33:36,876 INFO c.j.p.m.r.RunnableImplementation [Shashank] ShashankEnd the Runnable Execution
2026-08-12 20:33:36,876 INFO c.j.p.m.r.RunnableImplementation [Sharth] SharthEnd the Runnable Execution
:34,186 INFO c.j.p.m.r.RunnableWithLamda [Thread-1] Thread-1Executing the Process
2026-08-12 20:33:38,200 INFO c.j.p.m.r.RunnableWithLamda [Thread-2] Thread[#30,Thread-2,5,main]Ending the Process
2026-08-12 20:33:38,201 INFO c.j.p.m.r.RunnableWithLamda [Thread-0] Thread[#28,Thread-0,5,main]Ending the Process
2026-08-12 20:33:38,201 INFO c.j.p.m.r.RunnableWithLamda [Thread-1] Thread[#29,Thread-1,5,main]Ending the Process
2026-08-12 21:03:51,257 INFO c.j.p.m.r.t.Threads [main] Execute the Thred Process
2026-08-12 21:03:54,264 INFO c.j.p.m.r.t.Threads [main] Thred Process End
2026-08-12 21:04:39,816 INFO c.j.p.m.r.t.Threads [main] Execute the Thred Process
2026-08-12 21:04:42,820 INFO c.j.p.m.r.t.Threads [main] Thred Process End
2026-08-12 21:04:42,822 INFO c.j.p.m.r.t.Threads [main] Execute the Thred Process
2026-08-12 21:04:45,824 INFO c.j.p.m.r.t.Threads [main] Thred Process End
2026-08-12 21:04:45,824 INFO c.j.p.m.r.t.Threads [main] Execute the Thred Process
2026-08-12 21:04:48,826 INFO c.j.p.m.r.t.Threads [main] Thred Process End
2026-08-12 21:05:02,595 INFO c.j.p.m.r.t.Threads [main] Execute the Thred Process
2026-08-12 21:05:05,600 INFO c.j.p.m.r.t.Threads [main] Thred Process End
2026-08-12 21:05:05,602 INFO c.j.p.m.r.t.Threads [main] Execute the Thred Process
2026-08-12 21:05:08,605 INFO c.j.p.m.r.t.Threads [main] Thred Process End
2026-08-12 21:05:08,606 INFO c.j.p.m.r.t.Threads [main] Execute the Thred Process
2026-08-12 21:05:11,609 INFO c.j.p.m.r.t.Threads [main] Thred Process End
2026-08-12 21:05:40,771 INFO c.j.p.m.r.t.Threads [main] Execute the Thred Process
2026-08-12 21:05:43,777 INFO c.j.p.m.r.t.Threads [main] Thred Process End
2026-08-12 21:05:43,778 INFO c.j.p.m.r.t.Threads [main] Execute the Thred Process
2026-08-12 21:05:43,779 INFO c.j.p.m.r.t.Threads [Thread-0] Execute the Thred Process
2026-08-12 21:05:46,781 INFO c.j.p.m.r.t.Threads [main] Thred Process End
2026-08-12 21:05:46,781 INFO c.j.p.m.r.t.Threads [Thread-0] Thred Process End
2026-08-12 21:05:46,782 INFO c.j.p.m.r.t.Threads [main] Execute the Thred Process
2026-08-12 21:05:46,782 INFO c.j.p.m.r.t.Threads [Thread-1] Execute the Thred Process
2026-08-12 21:05:49,782 INFO c.j.p.m.r.t.Threads [main] Thred Process End
2026-08-12 21:05:49,784 INFO c.j.p.m.r.t.Threads [Thread-1] Thred Process End
2026-08-12 21:05:49,783 INFO c.j.p.m.r.t.Threads [Thread-2] Execute the Thred Process
2026-08-12 21:05:52,789 INFO c.j.p.m.r.t.Threads [Thread-2] Thred Process End
2026-08-12 21:06:04,626 INFO c.j.p.m.r.t.Threads [Thread-0] Execute the Thred Process
2026-08-12 21:06:04,626 INFO c.j.p.m.r.t.Threads [Thread-1] Execute the Thred Process
2026-08-12 21:06:04,626 INFO c.j.p.m.r.t.Threads [Thread-2] Execute the Thred Process
2026-08-12 21:06:07,632 INFO c.j.p.m.r.t.Threads [Thread-0] Thred Process End
2026-08-12 21:06:07,632 INFO c.j.p.m.r.t.Threads [Thread-2] Thred Process End
2026-08-12 21:06:07,632 INFO c.j.p.m.r.t.Threads [Thread-1] Thred Process End
2026-08-12 21:29:19,929 INFO c.j.p.m.s.m.MethodWithObj [Thread-1] Execute the Synchronization with Method level
2026-08-12 21:29:19,929 INFO c.j.p.m.s.m.MethodWithObj [Thread-0] Execute the Synchronization with Method level
2026-08-12 21:29:19,929 INFO c.j.p.m.s.m.MethodWithObj [Thread-2] Execute the Synchronization with Method level
2026-08-12 21:29:22,941 INFO c.j.p.m.s.m.MethodWithObj [Thread-2] Finished the Synchronization with Method level
2026-08-12 21:29:22,942 INFO c.j.p.m.s.m.MethodWithObj [Thread-1] Finished the Synchronization with Method level
2026-08-12 21:29:22,942 INFO c.j.p.m.s.m.MethodWithObj [Thread-0] Finished the Synchronization with Method level
2026-08-12 21:35:55,422 INFO c.j.p.m.s.m.MethodWithClass [Thread-0] Entering to process for synchronized lock with Method Level
2026-08-12 21:35:56,430 INFO c.j.p.m.s.m.MethodWithClass [Thread-0] Exiting to process for synchronized lock with Method Level
2026-08-12 21:35:56,431 INFO c.j.p.m.s.m.MethodWithClass [Thread-2] Entering to process for synchronized lock with Method Level
2026-08-12 21:35:57,435 INFO c.j.p.m.s.m.MethodWithClass [Thread-2] Exiting to process for synchronized lock with Method Level
2026-08-12 21:35:57,437 INFO c.j.p.m.s.m.MethodWithClass [Thread-1] Entering to process for synchronized lock with Method Level
2026-08-12 21:35:58,441 INFO c.j.p.m.s.m.MethodWithClass [Thread-1] Exiting to process for synchronized lock with Method Level
2026-08-12 21:42:54,716 INFO c.j.p.m.s.b.BlockWithClass [Thread-0] Execute the Synchro with Block level using Class Lock
2026-08-12 21:42:54,721 INFO c.j.p.m.s.b.BlockWithClass [Thread-2] Execute the Synchro with Block level using Class Lock
2026-08-12 21:42:54,722 INFO c.j.p.m.s.b.BlockWithClass [Thread-1] Execute the Synchro with Block level using Class Lock
2026-08-12 21:43:30,848 INFO c.j.p.m.s.b.BlockWithClass [Thread-0] Execute the Synchro with Block level using Class Lock
2026-08-12 21:43:35,854 INFO c.j.p.m.s.b.BlockWithClass [Thread-0] Finished the Synchro with Block level using Class Lock
2026-08-12 21:43:35,854 INFO c.j.p.m.s.b.BlockWithClass [Thread-1] Execute the Synchro with Block level using Class Lock
2026-08-12 21:43:40,856 INFO c.j.p.m.s.b.BlockWithClass [Thread-1] Finished the Synchro with Block level using Class Lock
2026-08-12 21:43:40,857 INFO c.j.p.m.s.b.BlockWithClass [Thread-2] Execute the Synchro with Block level using Class Lock
2026-08-12 21:43:45,859 INFO c.j.p.m.s.b.BlockWithClass [Thread-2] Finished the Synchro with Block level using Class Lock
2026-08-12 21:46:16,538 INFO c.j.p.m.s.b.BlockWithObj [Thread-2] Starting Synchro with Block level using Obj Lock
2026-08-12 21:46:16,538 INFO c.j.p.m.s.b.BlockWithObj [Thread-0] Starting Synchro with Block level using Obj Lock
2026-08-12 21:46:16,538 INFO c.j.p.m.s.b.BlockWithObj [Thread-1] Starting Synchro with Block level using Obj Lock
2026-08-12 21:46:26,545 INFO c.j.p.m.s.b.BlockWithObj [Thread-0] Finished the Synchro with Block level using Obj Lock
2026-08-12 21:46:26,545 INFO c.j.p.m.s.b.BlockWithObj [Thread-2] Finished the Synchro with Block level using Obj Lock
2026-08-12 21:46:26,546 INFO c.j.p.m.s.b.BlockWithObj [Thread-1] Finished the Synchro with Block level using Obj Lock
2026-08-12 23:40:33,176 INFO c.j.m.t.e.r.RunnableImpl [pool-2-thread-1] Starting to Execute Runnable Task using implement Runnable Interface 
2026-08-12 23:40:38,182 INFO c.j.m.t.e.r.RunnableImpl [pool-2-thread-1] Terminate the Runnable Task using implement Runnable Interface 
2026-08-12 23:41:26,509 INFO c.j.m.t.e.r.RunnableImpl [pool-2-thread-1] Starting to Execute Runnable Task using implement Runnable Interface 
2026-08-12 23:41:31,515 INFO c.j.m.t.e.r.RunnableImpl [pool-2-thread-1] Terminate the Runnable Task using implement Runnable Interface 
2026-08-12 23:45:21,485 INFO c.j.m.t.e.r.RunnableMain [main] Creating ExecutorService with a fixed thread pool...
2026-08-12 23:45:21,490 INFO c.j.m.t.e.r.RunnableMain [main] Submitting tasks to the ExecutorService...
2026-08-12 23:45:21,491 INFO c.j.m.t.e.r.RunnableMain [main] Shutdown initiated. Waiting for tasks to complete...
2026-08-12 23:45:21,491 INFO c.j.m.t.e.r.RunnableImpl [pool-2-thread-1] Starting to Execute Runnable Task using implement Runnable Interface 
2026-08-12 23:45:21,491 INFO c.j.m.t.e.r.RunnableImpl [pool-2-thread-2] Starting to Execute Runnable Task using implement Runnable Interface 
2026-08-12 23:45:26,492 INFO c.j.m.t.e.r.RunnableImpl [pool-2-thread-2] Terminate the Runnable Task using implement Runnable Interface 
2026-08-12 23:45:26,493 INFO c.j.m.t.e.r.RunnableImpl [pool-2-thread-1] Terminate the Runnable Task using implement Runnable Interface 
2026-08-12 23:45:26,494 INFO c.j.m.t.e.r.RunnableMain [main] All tasks completed. Main thread exiting.
